// Jest Snapshot v1, https://goo.gl/fbAQLP

exports[`test Main snapshot render 1`] = `
<styled__AppGrid
  container={true}
  justify="center"
  spacing={0}
>
  <styled__AppContainer>
    <WithStyles(ForwardRef(Grid))
      container={true}
      spacing={0}
    >
      <Hidden
        smDown={true}
      >
        <WithStyles(ForwardRef(Grid))
          item={true}
        >
          <Navigation
            itemSize={60}
            logoSize={35}
            signOut={[Function]}
            toggleSettingsDialog={[Function]}
            variant="vertical"
          />
        </WithStyles(ForwardRef(Grid))>
      </Hidden>
      <WithStyles(ForwardRef(Grid))
        item={true}
        xs={true}
      />
    </WithStyles(ForwardRef(Grid))>
  </styled__AppContainer>
  <Memo(SettingsDialog)
    open={false}
    toggle={[Function]}
  />
</styled__AppGrid>
`;
