// Jest Snapshot v1, https://goo.gl/fbAQLP

exports[`Reg should match to snapshot 1`] = `
<styled__RegWrapper
  container={true}
>
  <RegPresentation />
  <styled__RegFormWrapper>
    <RegForm
      activeStep={0}
      isCompleted={false}
      onError={[Function]}
      onSuccess={[Function]}
      userId={null}
    />
  </styled__RegFormWrapper>
</styled__RegWrapper>
`;
